[2m15:12:15[22m [33m[1m[vite][22m[39m [33m[2m(client)[22m[39m Failed to load source map for C:/Users/Azer/Downloads/VS/home/css/bootstrap.css.
Error: An error occurred while trying to read the map file at bootstrap.min.css.map
Error: ENOENT: no such file or directory, open 'C:\Users\Azer\Downloads\VS\home\css\bootstrap.min.css.map'
    at Object.readFileSync (node:fs:441:20)
    at file:///C:/Users/Azer/AppData/Local/npm-cache/_npx/9ed06546b0653f96/node_modules/vite/dist/node/chunks/node.js:19109:13
    at readFromFileMap (file:///C:/Users/Azer/AppData/Local/npm-cache/_npx/9ed06546b0653f96/node_modules/vite/dist/node/chunks/node.js:18809:13)
    at exports.fromMapFileComment (file:///C:/Users/Azer/AppData/Local/npm-cache/_npx/9ed06546b0653f96/node_modules/vite/dist/node/chunks/node.js:18903:12)
    at exports.fromMapFileSource (file:///C:/Users/Azer/AppData/Local/npm-cache/_npx/9ed06546b0653f96/node_modules/vite/dist/node/chunks/node.js:18914:22)
    at extractSourcemapFromFile (file:///C:/Users/Azer/AppData/Local/npm-cache/_npx/9ed06546b0653f96/node_modules/vite/dist/node/chunks/node.js:19095:87)
    at loadAndTransform (file:///C:/Users/Azer/AppData/Local/npm-cache/_npx/9ed06546b0653f96/node_modules/vite/dist/node/chunks/node.js:20064:22)
[2m15:12:15[22m [33m[1m[vite][22m[39m [33m[2m(client)[22m[39m Failed to load source map for C:/Users/Azer/Downloads/VS/home/css/main.css.
Error: An error occurred while trying to read the map file at main.css.map
Error: ENOENT: no such file or directory, open 'C:\Users\Azer\Downloads\VS\home\css\main.css.map'
    at Object.readFileSync (node:fs:441:20)
    at file:///C:/Users/Azer/AppData/Local/npm-cache/_npx/9ed06546b0653f96/node_modules/vite/dist/node/chunks/node.js:19109:13
    at readFromFileMap (file:///C:/Users/Azer/AppData/Local/npm-cache/_npx/9ed06546b0653f96/node_modules/vite/dist/node/chunks/node.js:18809:13)
    at exports.fromMapFileComment (file:///C:/Users/Azer/AppData/Local/npm-cache/_npx/9ed06546b0653f96/node_modules/vite/dist/node/chunks/node.js:18903:12)
    at exports.fromMapFileSource (file:///C:/Users/Azer/AppData/Local/npm-cache/_npx/9ed06546b0653f96/node_modules/vite/dist/node/chunks/node.js:18914:22)
    at extractSourcemapFromFile (file:///C:/Users/Azer/AppData/Local/npm-cache/_npx/9ed06546b0653f96/node_modules/vite/dist/node/chunks/node.js:19095:87)
    at loadAndTransform (file:///C:/Users/Azer/AppData/Local/npm-cache/_npx/9ed06546b0653f96/node_modules/vite/dist/node/chunks/node.js:20064:22)
[2m15:12:15[22m [33m[1m[vite][22m[39m [33m[2m(client)[22m[39m Failed to load source map for C:/Users/Azer/Downloads/VS/home/js/bootstrap-bundle.js.
Error: An error occurred while trying to read the map file at bootstrap.bundle.min.js.map
Error: ENOENT: no such file or directory, open 'C:\Users\Azer\Downloads\VS\home\js\bootstrap.bundle.min.js.map'
    at Object.readFileSync (node:fs:441:20)
    at file:///C:/Users/Azer/AppData/Local/npm-cache/_npx/9ed06546b0653f96/node_modules/vite/dist/node/chunks/node.js:19109:13
    at readFromFileMap (file:///C:/Users/Azer/AppData/Local/npm-cache/_npx/9ed06546b0653f96/node_modules/vite/dist/node/chunks/node.js:18809:13)
    at exports.fromMapFileComment (file:///C:/Users/Azer/AppData/Local/npm-cache/_npx/9ed06546b0653f96/node_modules/vite/dist/node/chunks/node.js:18903:12)
    at exports.fromMapFileSource (file:///C:/Users/Azer/AppData/Local/npm-cache/_npx/9ed06546b0653f96/node_modules/vite/dist/node/chunks/node.js:18914:22)
    at extractSourcemapFromFile (file:///C:/Users/Azer/AppData/Local/npm-cache/_npx/9ed06546b0653f96/node_modules/vite/dist/node/chunks/node.js:19095:87)
    at loadAndTransform (file:///C:/Users/Azer/AppData/Local/npm-cache/_npx/9ed06546b0653f96/node_modules/vite/dist/node/chunks/node.js:20064:22)
[2m15:12:15[22m [33m[1m[vite][22m[39m [33m[2m(client)[22m[39m Failed to load source map for C:/Users/Azer/Downloads/VS/home/js/hover-effect.umd.js.
Error: An error occurred while trying to read the map file at hover-effect.umd.js.map
Error: ENOENT: no such file or directory, open 'C:\Users\Azer\Downloads\VS\home\js\hover-effect.umd.js.map'
    at Object.readFileSync (node:fs:441:20)
    at file:///C:/Users/Azer/AppData/Local/npm-cache/_npx/9ed06546b0653f96/node_modules/vite/dist/node/chunks/node.js:19109:13
    at readFromFileMap (file:///C:/Users/Azer/AppData/Local/npm-cache/_npx/9ed06546b0653f96/node_modules/vite/dist/node/chunks/node.js:18809:13)
    at exports.fromMapFileComment (file:///C:/Users/Azer/AppData/Local/npm-cache/_npx/9ed06546b0653f96/node_modules/vite/dist/node/chunks/node.js:18903:12)
    at exports.fromMapFileSource (file:///C:/Users/Azer/AppData/Local/npm-cache/_npx/9ed06546b0653f96/node_modules/vite/dist/node/chunks/node.js:18914:22)
    at extractSourcemapFromFile (file:///C:/Users/Azer/AppData/Local/npm-cache/_npx/9ed06546b0653f96/node_modules/vite/dist/node/chunks/node.js:19095:87)
    at loadAndTransform (file:///C:/Users/Azer/AppData/Local/npm-cache/_npx/9ed06546b0653f96/node_modules/vite/dist/node/chunks/node.js:20064:22)
[2m15:12:15[22m [33m[1m[vite][22m[39m [33m[2m(client)[22m[39m Failed to load source map for C:/Users/Azer/Downloads/VS/home/js/effect-slicer.js.
Error: An error occurred while trying to read the map file at effect-slicer.min.js.map
Error: ENOENT: no such file or directory, open 'C:\Users\Azer\Downloads\VS\home\js\effect-slicer.min.js.map'
    at Object.readFileSync (node:fs:441:20)
    at file:///C:/Users/Azer/AppData/Local/npm-cache/_npx/9ed06546b0653f96/node_modules/vite/dist/node/chunks/node.js:19109:13
    at readFromFileMap (file:///C:/Users/Azer/AppData/Local/npm-cache/_npx/9ed06546b0653f96/node_modules/vite/dist/node/chunks/node.js:18809:13)
    at exports.fromMapFileComment (file:///C:/Users/Azer/AppData/Local/npm-cache/_npx/9ed06546b0653f96/node_modules/vite/dist/node/chunks/node.js:18903:12)
    at exports.fromMapFileSource (file:///C:/Users/Azer/AppData/Local/npm-cache/_npx/9ed06546b0653f96/node_modules/vite/dist/node/chunks/node.js:18914:22)
    at extractSourcemapFromFile (file:///C:/Users/Azer/AppData/Local/npm-cache/_npx/9ed06546b0653f96/node_modules/vite/dist/node/chunks/node.js:19095:87)
    at loadAndTransform (file:///C:/Users/Azer/AppData/Local/npm-cache/_npx/9ed06546b0653f96/node_modules/vite/dist/node/chunks/node.js:20064:22)
[2m15:12:15[22m [33m[1m[vite][22m[39m [33m[2m(client)[22m[39m Failed to load source map for C:/Users/Azer/Downloads/VS/home/js/swiper-bundle.js.
Error: An error occurred while trying to read the map file at swiper-bundle.min.js.map
Error: ENOENT: no such file or directory, open 'C:\Users\Azer\Downloads\VS\home\js\swiper-bundle.min.js.map'
    at Object.readFileSync (node:fs:441:20)
    at file:///C:/Users/Azer/AppData/Local/npm-cache/_npx/9ed06546b0653f96/node_modules/vite/dist/node/chunks/node.js:19109:13
    at readFromFileMap (file:///C:/Users/Azer/AppData/Local/npm-cache/_npx/9ed06546b0653f96/node_modules/vite/dist/node/chunks/node.js:18809:13)
    at exports.fromMapFileComment (file:///C:/Users/Azer/AppData/Local/npm-cache/_npx/9ed06546b0653f96/node_modules/vite/dist/node/chunks/node.js:18903:12)
    at exports.fromMapFileSource (file:///C:/Users/Azer/AppData/Local/npm-cache/_npx/9ed06546b0653f96/node_modules/vite/dist/node/chunks/node.js:18914:22)
    at extractSourcemapFromFile (file:///C:/Users/Azer/AppData/Local/npm-cache/_npx/9ed06546b0653f96/node_modules/vite/dist/node/chunks/node.js:19095:87)
    at loadAndTransform (file:///C:/Users/Azer/AppData/Local/npm-cache/_npx/9ed06546b0653f96/node_modules/vite/dist/node/chunks/node.js:20064:22)
node:internal/fs/watchers:321
    const error = new UVException({
                  ^

Error: EBUSY: resource busy or locked, watch 'C:\Users\Azer\Downloads\VS\home\images\thumb-2_1.jpg'
    at FSWatcher.<computed> (node:internal/fs/watchers:321:19)
    at Object.watch (node:fs:2548:36)
    at createFsWatchInstance (file:///C:/Users/Azer/AppData/Local/npm-cache/_npx/9ed06546b0653f96/node_modules/vite/dist/node/chunks/node.js:9185:16)
    at setFsWatchListener (file:///C:/Users/Azer/AppData/Local/npm-cache/_npx/9ed06546b0653f96/node_modules/vite/dist/node/chunks/node.js:9227:14)
    at NodeFsHandler._watchWithNodeFs (file:///C:/Users/Azer/AppData/Local/npm-cache/_npx/9ed06546b0653f96/node_modules/vite/dist/node/chunks/node.js:9342:20)
    at NodeFsHandler._handleFile (file:///C:/Users/Azer/AppData/Local/npm-cache/_npx/9ed06546b0653f96/node_modules/vite/dist/node/chunks/node.js:9386:24)
    at NodeFsHandler._addToNodeFs (file:///C:/Users/Azer/AppData/Local/npm-cache/_npx/9ed06546b0653f96/node_modules/vite/dist/node/chunks/node.js:9560:26)
Emitted 'error' event on FSWatcher instance at:
    at FSWatcher._handleError (file:///C:/Users/Azer/AppData/Local/npm-cache/_npx/9ed06546b0653f96/node_modules/vite/dist/node/chunks/node.js:10359:146)
    at NodeFsHandler._addToNodeFs (file:///C:/Users/Azer/AppData/Local/npm-cache/_npx/9ed06546b0653f96/node_modules/vite/dist/node/chunks/node.js:9565:18) {
  errno: -4082,
  syscall: 'watch',
  code: 'EBUSY',
  path: 'C:\\Users\\Azer\\Downloads\\VS\\home\\images\\thumb-2_1.jpg',
  filename: 'C:\\Users\\Azer\\Downloads\\VS\\home\\images\\thumb-2_1.jpg'
}

Node.js v24.16.0
